> is_power(N, NN) :- eql(0 + (N * N) + ((1 - 3) + 2), NN, Res).
>
> listing
0: is_power(N, NN) :- eval(N, '0+($*$)+((1-3)+2)', $1), eql($1, NN, Res).

>
> is_power(3, 9)? # Yes
Yes

>
> is_power(4, 12)? # No
No

>
> print_more(N) :- print(N, Out), print(N * 2, Out), print(N * N, Out), print((N + 1) * N + 1, Out).
> print_more(5)?
5
10
25
31
Yes

>
> not(X, Y) :- eql(X, Y).
>
> not(3, 4)?
No

