> casal("leonardo", Y).
> casal(X, "carlota").
>
> casal(X, Y)?
X = 'leonardo'
Y = 'carlota'

