>
> other(X) :- abc(X, "gual").
> other(X) :- abc(X, "guali").
> other(X) :- abc(X, "gual").
>
> other(X) :- abc(X, "guali"); abc(X, "gual").
>
> listing
0: other(X) :- abc(X, 'gual'). (3)
1: other(X) :- abc(X, 'guali'). (2)

>
> select_table 9
Table changed to 9

>
> listing

>
> select_table 0
Table changed to 0

>
> listing
0: other(X) :- abc(X, 'gual'). (3)
1: other(X) :- abc(X, 'guali'). (2)

>
> select_table
Current table is 0

>
>
>
>
