> a(["A\x42C", "A\u2713C"]).
> a("A\x42C", "A\u2713C").
> a("A\x42C", "A\u2713C") :- a(["A\x42C", "\u2713"]); a(["A\x42C", "\u2713"]).
>
> a(X, Y) :- char(X, Y).
> a(0x2713, Y)?
Y = '‚úì'

>
> b(X, Y) :- char(X, Y).
> b(0x42, Y)?
Y = 'B'

>
> c(X, Y) :- ord(X, Y).
> c('üòá', Y)?
Y = 128519

>
> print('Hello World \u{1F30E}', _)!
Hello World üåé
Yes

> print('Hello World \u2764', _)!
Hello World ‚ù§
Yes

> print('Hello World \u2764\uFE0F', _)!
Hello World ‚ù§Ô∏è
Yes

