> alpha("hello", "world").
> beta(A, B) :- alpha(A, B).
> charlie(900, 900).
> delta(A, B) :- charlie(A, B).
>
> beta(A, A)? # No
No

> delta(A, B)? # A = 900, B = 900
A = 900
B = 900

> delta(A, A)? # A = 900
A = 900

> delta(900, 900)? # Yes
Yes

> delta(900, A)? # A = 900
A = 900

>
> abc(123).
> abc(123)?
Yes

